Archive member included to satisfy reference by file (symbol)

d:/program files/st/stm32cubeide_1.9.0/stm32cubeide/plugins/com.st.stm32cube.ide.mcu.externaltools.gnu-tools-for-stm32.10.3-2021.10.win32_1.0.0.202111181127/tools/bin/../lib/gcc/arm-none-eabi/10.3.1/../../../../arm-none-eabi/lib/thumb/v6-m/nofp\libc_nano.a(lib_a-errno.o)
                              ./Core/Src/syscalls.o (__errno)
d:/program files/st/stm32cubeide_1.9.0/stm32cubeide/plugins/com.st.stm32cube.ide.mcu.externaltools.gnu-tools-for-stm32.10.3-2021.10.win32_1.0.0.202111181127/tools/bin/../lib/gcc/arm-none-eabi/10.3.1/../../../../arm-none-eabi/lib/thumb/v6-m/nofp\libc_nano.a(lib_a-exit.o)
                              d:/program files/st/stm32cubeide_1.9.0/stm32cubeide/plugins/com.st.stm32cube.ide.mcu.externaltools.gnu-tools-for-stm32.10.3-2021.10.win32_1.0.0.202111181127/tools/bin/../lib/gcc/arm-none-eabi/10.3.1/../../../../arm-none-eabi/lib/thumb/v6-m/nofp/crt0.o (exit)
d:/program files/st/stm32cubeide_1.9.0/stm32cubeide/plugins/com.st.stm32cube.ide.mcu.externaltools.gnu-tools-for-stm32.10.3-2021.10.win32_1.0.0.202111181127/tools/bin/../lib/gcc/arm-none-eabi/10.3.1/../../../../arm-none-eabi/lib/thumb/v6-m/nofp\libc_nano.a(lib_a-impure.o)
                              d:/program files/st/stm32cubeide_1.9.0/stm32cubeide/plugins/com.st.stm32cube.ide.mcu.externaltools.gnu-tools-for-stm32.10.3-2021.10.win32_1.0.0.202111181127/tools/bin/../lib/gcc/arm-none-eabi/10.3.1/../../../../arm-none-eabi/lib/thumb/v6-m/nofp\libc_nano.a(lib_a-exit.o) (_global_impure_ptr)
d:/program files/st/stm32cubeide_1.9.0/stm32cubeide/plugins/com.st.stm32cube.ide.mcu.externaltools.gnu-tools-for-stm32.10.3-2021.10.win32_1.0.0.202111181127/tools/bin/../lib/gcc/arm-none-eabi/10.3.1/../../../../arm-none-eabi/lib/thumb/v6-m/nofp\libc_nano.a(lib_a-init.o)
                              d:/program files/st/stm32cubeide_1.9.0/stm32cubeide/plugins/com.st.stm32cube.ide.mcu.externaltools.gnu-tools-for-stm32.10.3-2021.10.win32_1.0.0.202111181127/tools/bin/../lib/gcc/arm-none-eabi/10.3.1/../../../../arm-none-eabi/lib/thumb/v6-m/nofp/crt0.o (__libc_init_array)
d:/program files/st/stm32cubeide_1.9.0/stm32cubeide/plugins/com.st.stm32cube.ide.mcu.externaltools.gnu-tools-for-stm32.10.3-2021.10.win32_1.0.0.202111181127/tools/bin/../lib/gcc/arm-none-eabi/10.3.1/../../../../arm-none-eabi/lib/thumb/v6-m/nofp\libc_nano.a(lib_a-memset.o)
                              d:/program files/st/stm32cubeide_1.9.0/stm32cubeide/plugins/com.st.stm32cube.ide.mcu.externaltools.gnu-tools-for-stm32.10.3-2021.10.win32_1.0.0.202111181127/tools/bin/../lib/gcc/arm-none-eabi/10.3.1/../../../../arm-none-eabi/lib/thumb/v6-m/nofp/crt0.o (memset)
d:/program files/st/stm32cubeide_1.9.0/stm32cubeide/plugins/com.st.stm32cube.ide.mcu.externaltools.gnu-tools-for-stm32.10.3-2021.10.win32_1.0.0.202111181127/tools/bin/../lib/gcc/arm-none-eabi/10.3.1/thumb/v6-m/nofp\libgcc.a(_udivsi3.o)
                              ./Core/Src/system_stm32f0xx.o (__aeabi_uidiv)
d:/program files/st/stm32cubeide_1.9.0/stm32cubeide/plugins/com.st.stm32cube.ide.mcu.externaltools.gnu-tools-for-stm32.10.3-2021.10.win32_1.0.0.202111181127/tools/bin/../lib/gcc/arm-none-eabi/10.3.1/thumb/v6-m/nofp\libgcc.a(_dvmd_tls.o)
                              d:/program files/st/stm32cubeide_1.9.0/stm32cubeide/plugins/com.st.stm32cube.ide.mcu.externaltools.gnu-tools-for-stm32.10.3-2021.10.win32_1.0.0.202111181127/tools/bin/../lib/gcc/arm-none-eabi/10.3.1/thumb/v6-m/nofp\libgcc.a(_udivsi3.o) (__aeabi_idiv0)
d:/program files/st/stm32cubeide_1.9.0/stm32cubeide/plugins/com.st.stm32cube.ide.mcu.externaltools.gnu-tools-for-stm32.10.3-2021.10.win32_1.0.0.202111181127/tools/bin/../lib/gcc/arm-none-eabi/10.3.1/thumb/v6-m/nofp\libgcc.a(_arm_cmpsf2.o)
                              ./Core/Src/main.o (__aeabi_fcmplt)
d:/program files/st/stm32cubeide_1.9.0/stm32cubeide/plugins/com.st.stm32cube.ide.mcu.externaltools.gnu-tools-for-stm32.10.3-2021.10.win32_1.0.0.202111181127/tools/bin/../lib/gcc/arm-none-eabi/10.3.1/thumb/v6-m/nofp\libgcc.a(eqsf2.o)
                              d:/program files/st/stm32cubeide_1.9.0/stm32cubeide/plugins/com.st.stm32cube.ide.mcu.externaltools.gnu-tools-for-stm32.10.3-2021.10.win32_1.0.0.202111181127/tools/bin/../lib/gcc/arm-none-eabi/10.3.1/thumb/v6-m/nofp\libgcc.a(_arm_cmpsf2.o) (__eqsf2)
d:/program files/st/stm32cubeide_1.9.0/stm32cubeide/plugins/com.st.stm32cube.ide.mcu.externaltools.gnu-tools-for-stm32.10.3-2021.10.win32_1.0.0.202111181127/tools/bin/../lib/gcc/arm-none-eabi/10.3.1/thumb/v6-m/nofp\libgcc.a(gesf2.o)
                              d:/program files/st/stm32cubeide_1.9.0/stm32cubeide/plugins/com.st.stm32cube.ide.mcu.externaltools.gnu-tools-for-stm32.10.3-2021.10.win32_1.0.0.202111181127/tools/bin/../lib/gcc/arm-none-eabi/10.3.1/thumb/v6-m/nofp\libgcc.a(_arm_cmpsf2.o) (__gesf2)
[...]
Memory Configuration

Name             Origin             Length             Attributes
RAM              0x0000000020000000 0x0000000000001000 xrw
FLASH            0x0000000008000000 0x0000000000004000 xr
*default*        0x0000000000000000 0xffffffffffffffff

Linker script and memory map

LOAD d:/program files/st/stm32cubeide_1.9.0/stm32cubeide/plugins/com.st.stm32cube.ide.mcu.externaltools.gnu-tools-for-stm32.10.3-2021.10.win32_1.0.0.202111181127/tools/bin/../lib/gcc/arm-none-eabi/10.3.1/thumb/v6-m/nofp/crti.o
LOAD d:/program files/st/stm32cubeide_1.9.0/stm32cubeide/plugins/com.st.stm32cube.ide.mcu.externaltools.gnu-tools-for-stm32.10.3-2021.10.win32_1.0.0.202111181127/tools/bin/../lib/gcc/arm-none-eabi/10.3.1/thumb/v6-m/nofp/crtbegin.o
LOAD d:/program files/st/stm32cubeide_1.9.0/stm32cubeide/plugins/com.st.stm32cube.ide.mcu.externaltools.gnu-tools-for-stm32.10.3-2021.10.win32_1.0.0.202111181127/tools/bin/../lib/gcc/arm-none-eabi/10.3.1/../../../../arm-none-eabi/lib/thumb/v6-m/nofp/crt0.o
LOAD ./Core/Src/gpio.o
LOAD ./Core/Src/main.o
LOAD ./Core/Src/spi.o
LOAD ./Core/Src/stm32f0xx_hal_msp.o
LOAD ./Core/Src/stm32f0xx_it.o
LOAD ./Core/Src/syscalls.o
LOAD ./Core/Src/sysmem.o
LOAD ./Core/Src/system_stm32f0xx.o
LOAD ./Core/Src/usart.o
LOAD ./Core/Startup/startup_stm32f030f4px.o
LOAD ./Drivers/STM32F0xx_HAL_Driver/Src/stm32f0xx_hal.o
LOAD ./Drivers/STM32F0xx_HAL_Driver/Src/stm32f0xx_hal_cortex.o
LOAD ./Drivers/STM32F0xx_HAL_Driver/Src/stm32f0xx_hal_dma.o
LOAD ./Drivers/STM32F0xx_HAL_Driver/Src/stm32f0xx_hal_exti.o
LOAD ./Drivers/STM32F0xx_HAL_Driver/Src/stm32f0xx_hal_flash.o
LOAD ./Drivers/STM32F0xx_HAL_Driver/Src/stm32f0xx_hal_flash_ex.o
LOAD ./Drivers/STM32F0xx_HAL_Driver/Src/stm32f0xx_hal_gpio.o
LOAD ./Drivers/STM32F0xx_HAL_Driver/Src/stm32f0xx_hal_i2c.o
LOAD ./Drivers/STM32F0xx_HAL_Driver/Src/stm32f0xx_hal_i2c_ex.o
LOAD ./Drivers/STM32F0xx_HAL_Driver/Src/stm32f0xx_hal_pwr.o
LOAD ./Drivers/STM32F0xx_HAL_Driver/Src/stm32f0xx_hal_pwr_ex.o
LOAD ./Drivers/STM32F0xx_HAL_Driver/Src/stm32f0xx_hal_rcc.o
LOAD ./Drivers/STM32F0xx_HAL_Driver/Src/stm32f0xx_hal_rcc_ex.o
LOAD ./Drivers/STM32F0xx_HAL_Driver/Src/stm32f0xx_hal_spi.o
LOAD ./Drivers/STM32F0xx_HAL_Driver/Src/stm32f0xx_hal_spi_ex.o
LOAD ./Drivers/STM32F0xx_HAL_Driver/Src/stm32f0xx_hal_tim.o
LOAD ./Drivers/STM32F0xx_HAL_Driver/Src/stm32f0xx_hal_tim_ex.o
LOAD ./Drivers/STM32F0xx_HAL_Driver/Src/stm32f0xx_hal_uart.o
LOAD ./Drivers/STM32F0xx_HAL_Driver/Src/stm32f0xx_hal_uart_ex.o
START GROUP
LOAD d:/program files/st/stm32cubeide_1.9.0/stm32cubeide/plugins/com.st.stm32cube.ide.mcu.externaltools.gnu-tools-for-stm32.10.3-2021.10.win32_1.0.0.202111181127/tools/bin/../lib/gcc/arm-none-eabi/10.3.1/../../../../arm-none-eabi/lib/thumb/v6-m/nofp\libc_nano.a
LOAD d:/program files/st/stm32cubeide_1.9.0/stm32cubeide/plugins/com.st.stm32cube.ide.mcu.externaltools.gnu-tools-for-stm32.10.3-2021.10.win32_1.0.0.202111181127/tools/bin/../lib/gcc/arm-none-eabi/10.3.1/../../../../arm-none-eabi/lib/thumb/v6-m/nofp\libm.a
END GROUP
START GROUP
LOAD d:/program files/st/stm32cubeide_1.9.0/stm32cubeide/plugins/com.st.stm32cube.ide.mcu.externaltools.gnu-tools-for-stm32.10.3-2021.10.win32_1.0.0.202111181127/tools/bin/../lib/gcc/arm-none-eabi/10.3.1/thumb/v6-m/nofp\libgcc.a
LOAD d:/program files/st/stm32cubeide_1.9.0/stm32cubeide/plugins/com.st.stm32cube.ide.mcu.externaltools.gnu-tools-for-stm32.10.3-2021.10.win32_1.0.0.202111181127/tools/bin/../lib/gcc/arm-none-eabi/10.3.1/../../../../arm-none-eabi/lib/thumb/v6-m/nofp\libc_nano.a
END GROUP
START GROUP
LOAD d:/program files/st/stm32cubeide_1.9.0/stm32cubeide/plugins/com.st.stm32cube.ide.mcu.externaltools.gnu-tools-for-stm32.10.3-2021.10.win32_1.0.0.202111181127/tools/bin/../lib/gcc/arm-none-eabi/10.3.1/thumb/v6-m/nofp\libgcc.a
LOAD d:/program files/st/stm32cubeide_1.9.0/stm32cubeide/plugins/com.st.stm32cube.ide.mcu.externaltools.gnu-tools-for-stm32.10.3-2021.10.win32_1.0.0.202111181127/tools/bin/../lib/gcc/arm-none-eabi/10.3.1/../../../../arm-none-eabi/lib/thumb/v6-m/nofp\libc_nano.a
LOAD d:/program files/st/stm32cubeide_1.9.0/stm32cubeide/plugins/com.st.stm32cube.ide.mcu.externaltools.gnu-tools-for-stm32.10.3-2021.10.win32_1.0.0.202111181127/tools/bin/../lib/gcc/arm-none-eabi/10.3.1/../../../../arm-none-eabi/lib/thumb/v6-m/nofp\libnosys.a
END GROUP
START GROUP
LOAD d:/program files/st/stm32cubeide_1.9.0/stm32cubeide/plugins/com.st.stm32cube.ide.mcu.externaltools.gnu-tools-for-stm32.10.3-2021.10.win32_1.0.0.202111181127/tools/bin/../lib/gcc/arm-none-eabi/10.3.1/thumb/v6-m/nofp\libgcc.a
LOAD d:/program files/st/stm32cubeide_1.9.0/stm32cubeide/plugins/com.st.stm32cube.ide.mcu.externaltools.gnu-tools-for-stm32.10.3-2021.10.win32_1.0.0.202111181127/tools/bin/../lib/gcc/arm-none-eabi/10.3.1/../../../../arm-none-eabi/lib/thumb/v6-m/nofp\libc_nano.a
LOAD d:/program files/st/stm32cubeide_1.9.0/stm32cubeide/plugins/com.st.stm32cube.ide.mcu.externaltools.gnu-tools-for-stm32.10.3-2021.10.win32_1.0.0.202111181127/tools/bin/../lib/gcc/arm-none-eabi/10.3.1/../../../../arm-none-eabi/lib/thumb/v6-m/nofp\libnosys.a
END GROUP
LOAD d:/program files/st/stm32cubeide_1.9.0/stm32cubeide/plugins/com.st.stm32cube.ide.mcu.externaltools.gnu-tools-for-stm32.10.3-2021.10.win32_1.0.0.202111181127/tools/bin/../lib/gcc/arm-none-eabi/10.3.1/thumb/v6-m/nofp/crtend.o
LOAD d:/program files/st/stm32cubeide_1.9.0/stm32cubeide/plugins/com.st.stm32cube.ide.mcu.externaltools.gnu-tools-for-stm32.10.3-2021.10.win32_1.0.0.202111181127/tools/bin/../lib/gcc/arm-none-eabi/10.3.1/thumb/v6-m/nofp/crtn.o
                0x0000000020001000                _estack = (ORIGIN (RAM) + LENGTH (RAM))
                0x0000000000000200                _Min_Heap_Size = 0x200
                0x0000000000000400                _Min_Stack_Size = 0x400

.isr_vector     0x0000000008000000       0xc0
                0x0000000008000000                . = ALIGN (0x4)
 *(.isr_vector)
 .isr_vector    0x0000000008000000       0xc0 ./Core/Startup/startup_stm32f030f4px.o
                0x0000000008000000                g_pfnVectors
                0x00000000080000c0                . = ALIGN (0x4)

.text           0x00000000080000c0     0x3dcc
                0x00000000080000c0                . = ALIGN (0x4)
 *(.text)
 .text          0x00000000080000c0       0x48 d:/program files/st/stm32cubeide_1.9.0/stm32cubeide/plugins/com.st.stm32cube.ide.mcu.externaltools.gnu-tools-for-stm32.10.3-2021.10.win32_1.0.0.202111181127/tools/bin/../lib/gcc/arm-none-eabi/10.3.1/thumb/v6-m/nofp/crtbegin.o
 .text          0x0000000008000108      0x114 d:/program files/st/stm32cubeide_1.9.0/stm32cubeide/plugins/com.st.stm32cube.ide.mcu.externaltools.gnu-tools-for-stm32.10.3-2021.10.win32_1.0.0.202111181127/tools/bin/../lib/gcc/arm-none-eabi/10.3.1/thumb/v6-m/nofp\libgcc.a(_udivsi3.o)
                0x0000000008000108                __aeabi_uidiv
                0x0000000008000108                __udivsi3
                0x0000000008000214                __aeabi_uidivmod
 .text          0x000000000800021c        0x4 d:/program files/st/stm32cubeide_1.9.0/stm32cubeide/plugins/com.st.stm32cube.ide.mcu.externaltools.gnu-tools-for-stm32.10.3-2021.10.win32_1.0.0.202111181127/tools/bin/../lib/gcc/arm-none-eabi/10.3.1/thumb/v6-m/nofp\libgcc.a(_dvmd_tls.o)
                0x000000000800021c                __aeabi_idiv0
                0x000000000800021c                __aeabi_ldiv0
 .text          0x0000000008000220       0x74 d:/program files/st/stm32cubeide_1.9.0/stm32cubeide/plugins/com.st.stm32cube.ide.mcu.externaltools.gnu-tools-for-stm32.10.3-2021.10.win32_1.0.0.202111181127/tools/bin/../lib/gcc/arm-none-eabi/10.3.1/thumb/v6-m/nofp\libgcc.a(_arm_cmpsf2.o)
                0x0000000008000220                __aeabi_cfrcmple
                0x0000000008000228                __aeabi_cfcmpeq
                0x0000000008000228                __aeabi_cfcmple
                0x0000000008000238                __aeabi_fcmpeq
                0x0000000008000244                __aeabi_fcmplt
                0x0000000008000258                __aeabi_fcmple
                0x000000000800026c                __aeabi_fcmpgt
                0x0000000008000280                __aeabi_fcmpge
 .text          0x0000000008000294       0x4c d:/program files/st/stm32cubeide_1.9.0/stm32cubeide/plugins/com.st.stm32cube.ide.mcu.externaltools.gnu-tools-for-stm32.10.3-2021.10.win32_1.0.0.202111181127/tools/bin/../lib/gcc/arm-none-eabi/10.3.1/thumb/v6-m/nofp\libgcc.a(eqsf2.o)
                0x0000000008000294                __eqsf2
                0x0000000008000294                __nesf2
 .text          0x00000000080002e0       0x8c d:/program files/st/stm32cubeide_1.9.0/stm32cubeide/plugins/com.st.stm32cube.ide.mcu.externaltools.gnu-tools-for-stm32.10.3-2021.10.win32_1.0.0.202111181127/tools/bin/../lib/gcc/arm-none-eabi/10.3.1/thumb/v6-m/nofp\libgcc.a(gesf2.o)
                0x00000000080002e0                __gesf2
                0x00000000080002e0                __gtsf2
 .text          0x000000000800036c       0x88 d:/program files/st/stm32cubeide_1.9.0/stm32cubeide/plugins/com.st.stm32cube.ide.mcu.externaltools.gnu-tools-for-stm32.10.3-2021.10.win32_1.0.0.202111181127/tools/bin/../lib/gcc/arm-none-eabi/10.3.1/thumb/v6-m/nofp\libgcc.a(lesf2.o)
                0x000000000800036c                __ltsf2
                0x000000000800036c                __lesf2
 *(.text*)
 .text.MX_GPIO_Init
                0x00000000080003f4       0xe4 ./Core/Src/gpio.o
                0x00000000080003f4                MX_GPIO_Init
 .text.main     0x00000000080004d8      0x1d4 ./Core/Src/main.o
                0x00000000080004d8                main
 .text.SystemClock_Config
                0x00000000080006ac       0xbe ./Core/Src/main.o
                0x00000000080006ac                SystemClock_Config
 *fill*         0x000000000800076a        0x2 
 .text.HAL_UART_TxCpltCallback
                0x000000000800076c       0x28 ./Core/Src/main.o
                0x000000000800076c                HAL_UART_TxCpltCallback
 .text.HAL_UART_RxCpltCallback
                0x0000000008000794       0xd8 ./Core/Src/main.o
                0x0000000008000794                HAL_UART_RxCpltCallback
 .text.HAL_SPI_TxRxCpltCallback
                0x000000000800086c       0x64 ./Core/Src/main.o
                0x000000000800086c                HAL_SPI_TxRxCpltCallback
 .text.Error_Handler
                0x00000000080008d0        0xa ./Core/Src/main.o
                0x00000000080008d0                Error_Handler
 *fill*         0x00000000080008da        0x2 
 .text.MX_SPI1_Init
                0x00000000080008dc       0x7c ./Core/Src/spi.o
                0x00000000080008dc                MX_SPI1_Init
 .text.HAL_SPI_MspInit
                0x0000000008000958       0xa8 ./Core/Src/spi.o
                0x0000000008000958                HAL_SPI_MspInit
 .text.HAL_MspInit
                0x0000000008000a00       0x48 ./Core/Src/stm32f0xx_hal_msp.o
                0x0000000008000a00                HAL_MspInit
 .text.NMI_Handler
                0x0000000008000a48        0x6 ./Core/Src/stm32f0xx_it.o
                0x0000000008000a48                NMI_Handler
 .text.HardFault_Handler
                0x0000000008000a4e        0x6 ./Core/Src/stm32f0xx_it.o
                0x0000000008000a4e                HardFault_Handler
 .text.SVC_Handler
                0x0000000008000a54        0xa ./Core/Src/stm32f0xx_it.o
                0x0000000008000a54                SVC_Handler
 .text.PendSV_Handler
                0x0000000008000a5e        0xa ./Core/Src/stm32f0xx_it.o
                0x0000000008000a5e                PendSV_Handler
 .text.SysTick_Handler
                0x0000000008000a68        0xe ./Core/Src/stm32f0xx_it.o
                0x0000000008000a68                SysTick_Handler
 *fill*         0x0000000008000a76        0x2 
 .text.SPI1_IRQHandler
                0x0000000008000a78       0x18 ./Core/Src/stm32f0xx_it.o
                0x0000000008000a78                SPI1_IRQHandler
 .text.USART1_IRQHandler
                0x0000000008000a90       0x18 ./Core/Src/stm32f0xx_it.o
                0x0000000008000a90                USART1_IRQHandler
 .text.SystemInit
                0x0000000008000aa8        0xa ./Core/Src/system_stm32f0xx.o
                0x0000000008000aa8                SystemInit
 *fill*         0x0000000008000ab2        0x2 
 .text.MX_USART1_UART_Init
                0x0000000008000ab4       0x60 ./Core/Src/usart.o
                0x0000000008000ab4                MX_USART1_UART_Init
 .text.HAL_UART_MspInit
                0x0000000008000b14       0xa8 ./Core/Src/usart.o
                0x0000000008000b14                HAL_UART_MspInit
 .text.Reset_Handler
                0x0000000008000bbc       0x50 ./Core/Startup/startup_stm32f030f4px.o
                0x0000000008000bbc                Reset_Handler
 .text.Default_Handler
                0x0000000008000c0c        0x2 ./Core/Startup/startup_stm32f030f4px.o
                0x0000000008000c0c                TIM1_CC_IRQHandler
                0x0000000008000c0c                I2C1_IRQHandler
                0x0000000008000c0c                EXTI2_3_IRQHandler
                0x0000000008000c0c                ADC1_IRQHandler
                0x0000000008000c0c                TIM17_IRQHandler
                0x0000000008000c0c                RTC_IRQHandler
                0x0000000008000c0c                TIM16_IRQHandler
                0x0000000008000c0c                TIM3_IRQHandler
                0x0000000008000c0c                EXTI4_15_IRQHandler
                0x0000000008000c0c                RCC_IRQHandler
                0x0000000008000c0c                DMA1_Channel1_IRQHandler
                0x0000000008000c0c                Default_Handler
                0x0000000008000c0c                TIM14_IRQHandler
                0x0000000008000c0c                DMA1_Channel4_5_IRQHandler
                0x0000000008000c0c                EXTI0_1_IRQHandler
                0x0000000008000c0c                WWDG_IRQHandler
                0x0000000008000c0c                DMA1_Channel2_3_IRQHandler
                0x0000000008000c0c                FLASH_IRQHandler
                0x0000000008000c0c                TIM1_BRK_UP_TRG_COM_IRQHandler
 *fill*         0x0000000008000c0e        0x2 
 .text.HAL_Init
                0x0000000008000c10       0x28 ./Drivers/STM32F0xx_HAL_Driver/Src/stm32f0xx_hal.o
                0x0000000008000c10                HAL_Init
 .text.HAL_InitTick
                0x0000000008000c38       0x68 ./Drivers/STM32F0xx_HAL_Driver/Src/stm32f0xx_hal.o
                0x0000000008000c38                HAL_InitTick
 .text.HAL_IncTick
                0x0000000008000ca0       0x24 ./Drivers/STM32F0xx_HAL_Driver/Src/stm32f0xx_hal.o
                0x0000000008000ca0                HAL_IncTick
 .text.HAL_GetTick
                0x0000000008000cc4       0x14 ./Drivers/STM32F0xx_HAL_Driver/Src/stm32f0xx_hal.o
                0x0000000008000cc4                HAL_GetTick
 .text.__NVIC_EnableIRQ
                0x0000000008000cd8       0x34 ./Drivers/STM32F0xx_HAL_Driver/Src/stm32f0xx_hal_cortex.o
 .text.__NVIC_SetPriority
                0x0000000008000d0c       0xdc ./Drivers/STM32F0xx_HAL_Driver/Src/stm32f0xx_hal_cortex.o
 .text.SysTick_Config
                0x0000000008000de8       0x48 ./Drivers/STM32F0xx_HAL_Driver/Src/stm32f0xx_hal_cortex.o
 .text.HAL_NVIC_SetPriority
                0x0000000008000e30       0x2a ./Drivers/STM32F0xx_HAL_Driver/Src/stm32f0xx_hal_cortex.o
                0x0000000008000e30                HAL_NVIC_SetPriority
 .text.HAL_NVIC_EnableIRQ
                0x0000000008000e5a       0x20 ./Drivers/STM32F0xx_HAL_Driver/Src/stm32f0xx_hal_cortex.o
                0x0000000008000e5a                HAL_NVIC_EnableIRQ
 .text.HAL_SYSTICK_Config
                0x0000000008000e7a       0x1a ./Drivers/STM32F0xx_HAL_Driver/Src/stm32f0xx_hal_cortex.o
                0x0000000008000e7a                HAL_SYSTICK_Config
 .text.HAL_DMA_Abort
                0x0000000008000e94       0x70 ./Drivers/STM32F0xx_HAL_Driver/Src/stm32f0xx_hal_dma.o
                0x0000000008000e94                HAL_DMA_Abort
 .text.HAL_DMA_Abort_IT
                0x0000000008000f04       0x8a ./Drivers/STM32F0xx_HAL_Driver/Src/stm32f0xx_hal_dma.o
                0x0000000008000f04                HAL_DMA_Abort_IT
 .text.HAL_DMA_GetError
                0x0000000008000f8e       0x14 ./Drivers/STM32F0xx_HAL_Driver/Src/stm32f0xx_hal_dma.o
                0x0000000008000f8e                HAL_DMA_GetError
 *fill*         0x0000000008000fa2        0x2 
 .text.HAL_GPIO_Init
                0x0000000008000fa4      0x2e0 ./Drivers/STM32F0xx_HAL_Driver/Src/stm32f0xx_hal_gpio.o
                0x0000000008000fa4                HAL_GPIO_Init
 .text.HAL_GPIO_WritePin
                0x0000000008001284       0x3a ./Drivers/STM32F0xx_HAL_Driver/Src/stm32f0xx_hal_gpio.o
                0x0000000008001284                HAL_GPIO_WritePin
 *fill*         0x00000000080012be        0x2 
 .text.HAL_RCC_OscConfig
                0x00000000080012c0      0x634 ./Drivers/STM32F0xx_HAL_Driver/Src/stm32f0xx_hal_rcc.o
                0x00000000080012c0                HAL_RCC_OscConfig
 .text.HAL_RCC_ClockConfig
                0x00000000080018f4      0x19c ./Drivers/STM32F0xx_HAL_Driver/Src/stm32f0xx_hal_rcc.o
                0x00000000080018f4                HAL_RCC_ClockConfig
 .text.HAL_RCC_GetSysClockFreq
                0x0000000008001a90       0xc8 ./Drivers/STM32F0xx_HAL_Driver/Src/stm32f0xx_hal_rcc.o
                0x0000000008001a90                HAL_RCC_GetSysClockFreq
 .text.HAL_RCC_GetHCLKFreq
                0x0000000008001b58       0x14 ./Drivers/STM32F0xx_HAL_Driver/Src/stm32f0xx_hal_rcc.o
                0x0000000008001b58                HAL_RCC_GetHCLKFreq
 .text.HAL_RCC_GetPCLK1Freq
                0x0000000008001b6c       0x2c ./Drivers/STM32F0xx_HAL_Driver/Src/stm32f0xx_hal_rcc.o
                0x0000000008001b6c                HAL_RCC_GetPCLK1Freq
 .text.HAL_RCCEx_PeriphCLKConfig
                0x0000000008001b98      0x19c ./Drivers/STM32F0xx_HAL_Driver/Src/stm32f0xx_hal_rcc_ex.o
                0x0000000008001b98                HAL_RCCEx_PeriphCLKConfig
 .text.HAL_SPI_Init
                0x0000000008001d34      0x170 ./Drivers/STM32F0xx_HAL_Driver/Src/stm32f0xx_hal_spi.o
                0x0000000008001d34                HAL_SPI_Init
 .text.HAL_SPI_TransmitReceive_IT
                0x0000000008001ea4      0x194 ./Drivers/STM32F0xx_HAL_Driver/Src/stm32f0xx_hal_spi.o
                0x0000000008001ea4                HAL_SPI_TransmitReceive_IT
 .text.HAL_SPI_IRQHandler
                0x0000000008002038      0x1fc ./Drivers/STM32F0xx_HAL_Driver/Src/stm32f0xx_hal_spi.o
                0x0000000008002038                HAL_SPI_IRQHandler
 .text.HAL_SPI_RxCpltCallback
                0x0000000008002234       0x10 ./Drivers/STM32F0xx_HAL_Driver/Src/stm32f0xx_hal_spi.o
                0x0000000008002234                HAL_SPI_RxCpltCallback
 .text.HAL_SPI_ErrorCallback
                0x0000000008002244       0x10 ./Drivers/STM32F0xx_HAL_Driver/Src/stm32f0xx_hal_spi.o
                0x0000000008002244                HAL_SPI_ErrorCallback
 .text.SPI_DMAAbortOnError
                0x0000000008002254       0x2c ./Drivers/STM32F0xx_HAL_Driver/Src/stm32f0xx_hal_spi.o
 .text.SPI_2linesRxISR_8BIT
                0x0000000008002280       0xc2 ./Drivers/STM32F0xx_HAL_Driver/Src/stm32f0xx_hal_spi.o
 .text.SPI_2linesTxISR_8BIT
                0x0000000008002342       0x94 ./Drivers/STM32F0xx_HAL_Driver/Src/stm32f0xx_hal_spi.o
 .text.SPI_2linesRxISR_16BIT
                0x00000000080023d6       0x68 ./Drivers/STM32F0xx_HAL_Driver/Src/stm32f0xx_hal_spi.o
 .text.SPI_2linesTxISR_16BIT
                0x000000000800243e       0x62 ./Drivers/STM32F0xx_HAL_Driver/Src/stm32f0xx_hal_spi.o
 .text.SPI_WaitFlagStateUntilTimeout
                0x00000000080024a0      0x11c ./Drivers/STM32F0xx_HAL_Driver/Src/stm32f0xx_hal_spi.o
 .text.SPI_WaitFifoStateUntilTimeout
                0x00000000080025bc      0x144 ./Drivers/STM32F0xx_HAL_Driver/Src/stm32f0xx_hal_spi.o
 .text.SPI_EndRxTxTransaction
                0x0000000008002700       0x8c ./Drivers/STM32F0xx_HAL_Driver/Src/stm32f0xx_hal_spi.o
 .text.SPI_CloseRxTx_ISR
                0x000000000800278c       0x8c ./Drivers/STM32F0xx_HAL_Driver/Src/stm32f0xx_hal_spi.o
 .text.HAL_UART_Init
                0x0000000008002818       0xa8 ./Drivers/STM32F0xx_HAL_Driver/Src/stm32f0xx_hal_uart.o
                0x0000000008002818                HAL_UART_Init
 .text.HAL_UART_Transmit_IT
                0x00000000080028c0      0x100 ./Drivers/STM32F0xx_HAL_Driver/Src/stm32f0xx_hal_uart.o
                0x00000000080028c0                HAL_UART_Transmit_IT
 .text.HAL_UART_Receive_IT
                0x00000000080029c0       0xc2 ./Drivers/STM32F0xx_HAL_Driver/Src/stm32f0xx_hal_uart.o
                0x00000000080029c0                HAL_UART_Receive_IT
 *fill*         0x0000000008002a82        0x2 
 .text.HAL_UART_AbortReceive
                0x0000000008002a84      0x15c ./Drivers/STM32F0xx_HAL_Driver/Src/stm32f0xx_hal_uart.o
                0x0000000008002a84                HAL_UART_AbortReceive
 .text.HAL_UART_IRQHandler
                0x0000000008002be0      0x580 ./Drivers/STM32F0xx_HAL_Driver/Src/stm32f0xx_hal_uart.o
                0x0000000008002be0                HAL_UART_IRQHandler
 .text.HAL_UART_ErrorCallback
                0x0000000008003160       0x10 ./Drivers/STM32F0xx_HAL_Driver/Src/stm32f0xx_hal_uart.o
                0x0000000008003160                HAL_UART_ErrorCallback
 .text.HAL_UARTEx_RxEventCallback
                0x0000000008003170       0x16 ./Drivers/STM32F0xx_HAL_Driver/Src/stm32f0xx_hal_uart.o
                0x0000000008003170                HAL_UARTEx_RxEventCallback
 *fill*         0x0000000008003186        0x2 
 .text.UART_SetConfig
                0x0000000008003188      0x254 ./Drivers/STM32F0xx_HAL_Driver/Src/stm32f0xx_hal_uart.o
                0x0000000008003188                UART_SetConfig
 .text.UART_AdvFeatureConfig
                0x00000000080033dc      0x168 ./Drivers/STM32F0xx_HAL_Driver/Src/stm32f0xx_hal_uart.o
                0x00000000080033dc                UART_AdvFeatureConfig
 .text.UART_CheckIdleState
                0x0000000008003544       0x90 ./Drivers/STM32F0xx_HAL_Driver/Src/stm32f0xx_hal_uart.o
                0x0000000008003544                UART_CheckIdleState
 .text.UART_WaitOnFlagUntilTimeout
                0x00000000080035d4      0x188 ./Drivers/STM32F0xx_HAL_Driver/Src/stm32f0xx_hal_uart.o
                0x00000000080035d4                UART_WaitOnFlagUntilTimeout
 .text.UART_Start_Receive_IT
                0x000000000800375c      0x138 ./Drivers/STM32F0xx_HAL_Driver/Src/stm32f0xx_hal_uart.o
                0x000000000800375c                UART_Start_Receive_IT
 .text.UART_EndRxTransfer
                0x0000000008003894       0xc4 ./Drivers/STM32F0xx_HAL_Driver/Src/stm32f0xx_hal_uart.o
 .text.UART_DMAAbortOnError
                0x0000000008003958       0x2e ./Drivers/STM32F0xx_HAL_Driver/Src/stm32f0xx_hal_uart.o
 .text.UART_TxISR_8BIT
                0x0000000008003986       0xb4 ./Drivers/STM32F0xx_HAL_Driver/Src/stm32f0xx_hal_uart.o
 .text.UART_TxISR_16BIT
                0x0000000008003a3a       0xbc ./Drivers/STM32F0xx_HAL_Driver/Src/stm32f0xx_hal_uart.o
 .text.UART_EndTransmit_IT
                0x0000000008003af6       0x56 ./Drivers/STM32F0xx_HAL_Driver/Src/stm32f0xx_hal_uart.o
 .text.UART_RxISR_8BIT
                0x0000000008003b4c      0x168 ./Drivers/STM32F0xx_HAL_Driver/Src/stm32f0xx_hal_uart.o
 .text.UART_RxISR_16BIT
                0x0000000008003cb4      0x168 ./Drivers/STM32F0xx_HAL_Driver/Src/stm32f0xx_hal_uart.o
 .text.__libc_init_array
                0x0000000008003e1c       0x48 d:/program files/st/stm32cubeide_1.9.0/stm32cubeide/plugins/com.st.stm32cube.ide.mcu.externaltools.gnu-tools-for-stm32.10.3-2021.10.win32_1.0.0.202111181127/tools/bin/../lib/gcc/arm-none-eabi/10.3.1/../../../../arm-none-eabi/lib/thumb/v6-m/nofp\libc_nano.a(lib_a-init.o)
                0x0000000008003e1c                __libc_init_array
 .text.memset   0x0000000008003e64       0x10 d:/program files/st/stm32cubeide_1.9.0/stm32cubeide/plugins/com.st.stm32cube.ide.mcu.externaltools.gnu-tools-for-stm32.10.3-2021.10.win32_1.0.0.202111181127/tools/bin/../lib/gcc/arm-none-eabi/10.3.1/../../../../arm-none-eabi/lib/thumb/v6-m/nofp\libc_nano.a(lib_a-memset.o)
                0x0000000008003e64                memset
 *(.glue_7)
 .glue_7        0x0000000008003e74        0x0 linker stubs
 *(.glue_7t)
 .glue_7t       0x0000000008003e74        0x0 linker stubs
 *(.eh_frame)
 .eh_frame      0x0000000008003e74        0x0 d:/program files/st/stm32cubeide_1.9.0/stm32cubeide/plugins/com.st.stm32cube.ide.mcu.externaltools.gnu-tools-for-stm32.10.3-2021.10.win32_1.0.0.202111181127/tools/bin/../lib/gcc/arm-none-eabi/10.3.1/thumb/v6-m/nofp/crtbegin.o
 *(.init)
 .init          0x0000000008003e74        0x4 d:/program files/st/stm32cubeide_1.9.0/stm32cubeide/plugins/com.st.stm32cube.ide.mcu.externaltools.gnu-tools-for-stm32.10.3-2021.10.win32_1.0.0.202111181127/tools/bin/../lib/gcc/arm-none-eabi/10.3.1/thumb/v6-m/nofp/crti.o
                0x0000000008003e74                _init
 .init          0x0000000008003e78        0x8 d:/program files/st/stm32cubeide_1.9.0/stm32cubeide/plugins/com.st.stm32cube.ide.mcu.externaltools.gnu-tools-for-stm32.10.3-2021.10.win32_1.0.0.202111181127/tools/bin/../lib/gcc/arm-none-eabi/10.3.1/thumb/v6-m/nofp/crtn.o
 *(.fini)
 .fini          0x0000000008003e80        0x4 d:/program files/st/stm32cubeide_1.9.0/stm32cubeide/plugins/com.st.stm32cube.ide.mcu.externaltools.gnu-tools-for-stm32.10.3-2021.10.win32_1.0.0.202111181127/tools/bin/../lib/gcc/arm-none-eabi/10.3.1/thumb/v6-m/nofp/crti.o
                0x0000000008003e80                _fini
 .fini          0x0000000008003e84        0x8 d:/program files/st/stm32cubeide_1.9.0/stm32cubeide/plugins/com.st.stm32cube.ide.mcu.externaltools.gnu-tools-for-stm32.10.3-2021.10.win32_1.0.0.202111181127/tools/bin/../lib/gcc/arm-none-eabi/10.3.1/thumb/v6-m/nofp/crtn.o
                0x0000000008003e8c                . = ALIGN (0x4)
                0x0000000008003e8c                _etext = .

.vfp11_veneer   0x0000000008003e8c        0x0
 .vfp11_veneer  0x0000000008003e8c        0x0 linker stubs

.v4_bx          0x0000000008003e8c        0x0
 .v4_bx         0x0000000008003e8c        0x0 linker stubs

.iplt           0x0000000008003e8c        0x0
 .iplt          0x0000000008003e8c        0x0 d:/program files/st/stm32cubeide_1.9.0/stm32cubeide/plugins/com.st.stm32cube.ide.mcu.externaltools.gnu-tools-for-stm32.10.3-2021.10.win32_1.0.0.202111181127/tools/bin/../lib/gcc/arm-none-eabi/10.3.1/thumb/v6-m/nofp/crtbegin.o

.rodata         0x0000000008003e8c       0x38
                0x0000000008003e8c                . = ALIGN (0x4)
 *(.rodata)
 .rodata        0x0000000008003e8c       0x20 ./Drivers/STM32F0xx_HAL_Driver/Src/stm32f0xx_hal_rcc.o
 *(.rodata*)
 .rodata.AHBPrescTable
                0x0000000008003eac       0x10 ./Core/Src/system_stm32f0xx.o
                0x0000000008003eac                AHBPrescTable
 .rodata.APBPrescTable
                0x0000000008003ebc        0x8 ./Core/Src/system_stm32f0xx.o
                0x0000000008003ebc                APBPrescTable
                0x0000000008003ec4                . = ALIGN (0x4)

.rel.dyn        0x0000000008003ec4        0x0
 .rel.iplt      0x0000000008003ec4        0x0 d:/program files/st/stm32cubeide_1.9.0/stm32cubeide/plugins/com.st.stm32cube.ide.mcu.externaltools.gnu-tools-for-stm32.10.3-2021.10.win32_1.0.0.202111181127/tools/bin/../lib/gcc/arm-none-eabi/10.3.1/thumb/v6-m/nofp/crtbegin.o

.ARM.extab      0x0000000008003ec4        0x0
                0x0000000008003ec4                . = ALIGN (0x4)
 *(.ARM.extab* .gnu.linkonce.armextab.*)
                0x0000000008003ec4                . = ALIGN (0x4)

.ARM            0x0000000008003ec4        0x0
                0x0000000008003ec4                . = ALIGN (0x4)
                0x0000000008003ec4                __exidx_start = .
 *(.ARM.exidx*)
                0x0000000008003ec4                __exidx_end = .
                0x0000000008003ec4                . = ALIGN (0x4)

.preinit_array  0x0000000008003ec4        0x0
                0x0000000008003ec4                . = ALIGN (0x4)
                0x0000000008003ec4                PROVIDE (__preinit_array_start = .)
 *(.preinit_array*)
                0x0000000008003ec4                PROVIDE (__preinit_array_end = .)
                0x0000000008003ec4                . = ALIGN (0x4)

.init_array     0x0000000008003ec4        0x4
                0x0000000008003ec4                . = ALIGN (0x4)
                0x0000000008003ec4                PROVIDE (__init_array_start = .)
 *(SORT_BY_NAME(.init_array.*))
 *(.init_array*)
 .init_array    0x0000000008003ec4        0x4 d:/program files/st/stm32cubeide_1.9.0/stm32cubeide/plugins/com.st.stm32cube.ide.mcu.externaltools.gnu-tools-for-stm32.10.3-2021.10.win32_1.0.0.202111181127/tools/bin/../lib/gcc/arm-none-eabi/10.3.1/thumb/v6-m/nofp/crtbegin.o
                0x0000000008003ec8                PROVIDE (__init_array_end = .)
                0x0000000008003ec8                . = ALIGN (0x4)

.fini_array     0x0000000008003ec8        0x4
                0x0000000008003ec8                . = ALIGN (0x4)
                [!provide]                        PROVIDE (__fini_array_start = .)
 *(SORT_BY_NAME(.fini_array.*))
 *(.fini_array*)
 .fini_array    0x0000000008003ec8        0x4 d:/program files/st/stm32cubeide_1.9.0/stm32cubeide/plugins/com.st.stm32cube.ide.mcu.externaltools.gnu-tools-for-stm32.10.3-2021.10.win32_1.0.0.202111181127/tools/bin/../lib/gcc/arm-none-eabi/10.3.1/thumb/v6-m/nofp/crtbegin.o
                [!provide]                        PROVIDE (__fini_array_end = .)
                0x0000000008003ecc                . = ALIGN (0x4)
                0x0000000008003ecc                _sidata = LOADADDR (.data)

.data           0x0000000020000000       0x1c load address 0x0000000008003ecc
                0x0000000020000000                . = ALIGN (0x4)
                0x0000000020000000                _sdata = .
 *(.data)
 *(.data*)
 .data.tx_data  0x0000000020000000        0x4 ./Core/Src/main.o
                0x0000000020000000                tx_data
 .data.tx_data_pusk
                0x0000000020000004        0x6 ./Core/Src/main.o
                0x0000000020000004                tx_data_pusk
 *fill*         0x000000002000000a        0x2 
 .data.tx_data_ostanov
                0x000000002000000c        0x4 ./Core/Src/main.o
                0x000000002000000c                tx_data_ostanov
 .data.SystemCoreClock
                0x0000000020000010        0x4 ./Core/Src/system_stm32f0xx.o
                0x0000000020000010                SystemCoreClock
 .data.uwTickPrio
                0x0000000020000014        0x4 ./Drivers/STM32F0xx_HAL_Driver/Src/stm32f0xx_hal.o
                0x0000000020000014                uwTickPrio
 .data.uwTickFreq
                0x0000000020000018        0x1 ./Drivers/STM32F0xx_HAL_Driver/Src/stm32f0xx_hal.o
                0x0000000020000018                uwTickFreq
 *(.RamFunc)
 *(.RamFunc*)
                0x000000002000001c                . = ALIGN (0x4)
 *fill*         0x0000000020000019        0x3 
                0x000000002000001c                _edata = .

.igot.plt       0x000000002000001c        0x0 load address 0x0000000008003ee8
 .igot.plt      0x000000002000001c        0x0 d:/program files/st/stm32cubeide_1.9.0/stm32cubeide/plugins/com.st.stm32cube.ide.mcu.externaltools.gnu-tools-for-stm32.10.3-2021.10.win32_1.0.0.202111181127/tools/bin/../lib/gcc/arm-none-eabi/10.3.1/thumb/v6-m/nofp/crtbegin.o
                0x000000002000001c                . = ALIGN (0x4)

.bss            0x000000002000001c      0x15c load address 0x0000000008003ee8
                0x000000002000001c                _sbss = .
                0x000000002000001c                __bss_start__ = _sbss
 *(.bss)
 .bss           0x000000002000001c       0x1c d:/program files/st/stm32cubeide_1.9.0/stm32cubeide/plugins/com.st.stm32cube.ide.mcu.externaltools.gnu-tools-for-stm32.10.3-2021.10.win32_1.0.0.202111181127/tools/bin/../lib/gcc/arm-none-eabi/10.3.1/thumb/v6-m/nofp/crtbegin.o
 *(.bss*)
 .bss.rx_data   0x0000000020000038       0x39 ./Core/Src/main.o
                0x0000000020000038                rx_data
 .bss.rx_length
                0x0000000020000071        0x1 ./Core/Src/main.o
                0x0000000020000071                rx_length
 *fill*         0x0000000020000072        0x2 
 .bss.answer    0x0000000020000074        0x2 ./Core/Src/main.o
                0x0000000020000074                answer
 *fill*         0x0000000020000076        0x2 
 .bss.ask       0x0000000020000078        0x2 ./Core/Src/main.o
                0x0000000020000078                ask
 .bss.command   0x000000002000007a        0x1 ./Core/Src/main.o
                0x000000002000007a                command
 .bss.command_ask
                0x000000002000007b        0x1 ./Core/Src/main.o
                0x000000002000007b                command_ask
 .bss.flagT     0x000000002000007c        0x1 ./Core/Src/main.o
                0x000000002000007c                flagT
 .bss.flagR     0x000000002000007d        0x1 ./Core/Src/main.o
                0x000000002000007d                flagR
 .bss.flagSPI   0x000000002000007e        0x1 ./Core/Src/main.o
                0x000000002000007e                flagSPI
 .bss.flagTemp  0x000000002000007f        0x1 ./Core/Src/main.o
                0x000000002000007f                flagTemp
 .bss.timeStopR
                0x0000000020000080        0x4 ./Core/Src/main.o
                0x0000000020000080                timeStopR
 .bss.Tr        0x0000000020000084        0x4 ./Core/Src/main.o
                0x0000000020000084                Tr
 .bss.Tz        0x0000000020000088        0x4 ./Core/Src/main.o
                0x0000000020000088                Tz
 .bss.hspi1     0x000000002000008c       0x64 ./Core/Src/spi.o
                0x000000002000008c                hspi1
 .bss.huart1    0x00000000200000f0       0x84 ./Core/Src/usart.o
                0x00000000200000f0                huart1
 .bss.uwTick    0x0000000020000174        0x4 ./Drivers/STM32F0xx_HAL_Driver/Src/stm32f0xx_hal.o
                0x0000000020000174                uwTick
 *(COMMON)
                0x0000000020000178                . = ALIGN (0x4)
                0x0000000020000178                _ebss = .
                0x0000000020000178                __bss_end__ = _ebss

._user_heap_stack
                0x0000000020000178      0x600 load address 0x0000000008003ee8
                0x0000000020000178                . = ALIGN (0x8)
                [!provide]                        PROVIDE (end = .)
                0x0000000020000178                PROVIDE (_end = .)
                0x0000000020000378                . = (. + _Min_Heap_Size)
 *fill*         0x0000000020000178      0x200 
                0x0000000020000778                . = (. + _Min_Stack_Size)
 *fill*         0x0000000020000378      0x400 
                0x0000000020000778                . = ALIGN (0x8)

/DISCARD/
 libc.a(*)
 libm.a(*)
 libgcc.a(*)

.ARM.attributes
                0x0000000000000000       0x28
 *(.ARM.attributes)
 .ARM.attributes
                0x0000000000000000       0x1e d:/program files/st/stm32cubeide_1.9.0/stm32cubeide/plugins/com.st.stm32cube.ide.mcu.externaltools.gnu-tools-for-stm32.10.3-2021.10.win32_1.0.0.202111181127/tools/bin/../lib/gcc/arm-none-eabi/10.3.1/thumb/v6-m/nofp/crti.o
 .ARM.attributes
                0x000000000000001e       0x2c d:/program files/st/stm32cubeide_1.9.0/stm32cubeide/plugins/com.st.stm32cube.ide.mcu.externaltools.gnu-tools-for-stm32.10.3-2021.10.win32_1.0.0.202111181127/tools/bin/../lib/gcc/arm-none-eabi/10.3.1/thumb/v6-m/nofp/crtbegin.o
 .ARM.attributes
                0x000000000000004a       0x2c ./Core/Src/gpio.o
 .ARM.attributes
                0x0000000000000076       0x2c ./Core/Src/main.o
 .ARM.attributes
                0x00000000000000a2       0x2c ./Core/Src/spi.o
 .ARM.attributes
                0x00000000000000ce       0x2c ./Core/Src/stm32f0xx_hal_msp.o
 .ARM.attributes
                0x00000000000000fa       0x2c ./Core/Src/stm32f0xx_it.o
 .ARM.attributes
                0x0000000000000126       0x2c ./Core/Src/system_stm32f0xx.o
 .ARM.attributes
                0x0000000000000152       0x2c ./Core/Src/usart.o
 .ARM.attributes
                0x000000000000017e       0x21 ./Core/Startup/startup_stm32f030f4px.o
 .ARM.attributes
                0x000000000000019f       0x2c ./Drivers/STM32F0xx_HAL_Driver/Src/stm32f0xx_hal.o
 .ARM.attributes
                0x00000000000001cb       0x2c ./Drivers/STM32F0xx_HAL_Driver/Src/stm32f0xx_hal_cortex.o
 .ARM.attributes
                0x00000000000001f7       0x2c ./Drivers/STM32F0xx_HAL_Driver/Src/stm32f0xx_hal_dma.o
 .ARM.attributes
                0x0000000000000223       0x2c ./Drivers/STM32F0xx_HAL_Driver/Src/stm32f0xx_hal_gpio.o
 .ARM.attributes
                0x000000000000024f       0x2c ./Drivers/STM32F0xx_HAL_Driver/Src/stm32f0xx_hal_rcc.o
 .ARM.attributes
                0x000000000000027b       0x2c ./Drivers/STM32F0xx_HAL_Driver/Src/stm32f0xx_hal_rcc_ex.o
 .ARM.attributes
                0x00000000000002a7       0x2c ./Drivers/STM32F0xx_HAL_Driver/Src/stm32f0xx_hal_spi.o
 .ARM.attributes
                0x00000000000002d3       0x2c ./Drivers/STM32F0xx_HAL_Driver/Src/stm32f0xx_hal_uart.o
 .ARM.attributes
                0x00000000000002ff       0x2c d:/program files/st/stm32cubeide_1.9.0/stm32cubeide/plugins/com.st.stm32cube.ide.mcu.externaltools.gnu-tools-for-stm32.10.3-2021.10.win32_1.0.0.202111181127/tools/bin/../lib/gcc/arm-none-eabi/10.3.1/../../../../arm-none-eabi/lib/thumb/v6-m/nofp\libc_nano.a(lib_a-init.o)
 .ARM.attributes
                0x000000000000032b       0x2c d:/program files/st/stm32cubeide_1.9.0/stm32cubeide/plugins/com.st.stm32cube.ide.mcu.externaltools.gnu-tools-for-stm32.10.3-2021.10.win32_1.0.0.202111181127/tools/bin/../lib/gcc/arm-none-eabi/10.3.1/../../../../arm-none-eabi/lib/thumb/v6-m/nofp\libc_nano.a(lib_a-memset.o)
 .ARM.attributes
                0x0000000000000357       0x1e d:/program files/st/stm32cubeide_1.9.0/stm32cubeide/plugins/com.st.stm32cube.ide.mcu.externaltools.gnu-tools-for-stm32.10.3-2021.10.win32_1.0.0.202111181127/tools/bin/../lib/gcc/arm-none-eabi/10.3.1/thumb/v6-m/nofp\libgcc.a(_udivsi3.o)
 .ARM.attributes
                0x0000000000000375       0x1e d:/program files/st/stm32cubeide_1.9.0/stm32cubeide/plugins/com.st.stm32cube.ide.mcu.externaltools.gnu-tools-for-stm32.10.3-2021.10.win32_1.0.0.202111181127/tools/bin/../lib/gcc/arm-none-eabi/10.3.1/thumb/v6-m/nofp\libgcc.a(_dvmd_tls.o)
 .ARM.attributes
                0x0000000000000393       0x1e d:/program files/st/stm32cubeide_1.9.0/stm32cubeide/plugins/com.st.stm32cube.ide.mcu.externaltools.gnu-tools-for-stm32.10.3-2021.10.win32_1.0.0.202111181127/tools/bin/../lib/gcc/arm-none-eabi/10.3.1/thumb/v6-m/nofp\libgcc.a(_arm_cmpsf2.o)
 .ARM.attributes
                0x00000000000003b1       0x2c d:/program files/st/stm32cubeide_1.9.0/stm32cubeide/plugins/com.st.stm32cube.ide.mcu.externaltools.gnu-tools-for-stm32.10.3-2021.10.win32_1.0.0.202111181127/tools/bin/../lib/gcc/arm-none-eabi/10.3.1/thumb/v6-m/nofp\libgcc.a(eqsf2.o)
 .ARM.attributes
                0x00000000000003dd       0x2c d:/program files/st/stm32cubeide_1.9.0/stm32cubeide/plugins/com.st.stm32cube.ide.mcu.externaltools.gnu-tools-for-stm32.10.3-2021.10.win32_1.0.0.202111181127/tools/bin/../lib/gcc/arm-none-eabi/10.3.1/thumb/v6-m/nofp\libgcc.a(gesf2.o)
 .ARM.attributes
                0x0000000000000409       0x2c d:/program files/st/stm32cubeide_1.9.0/stm32cubeide/plugins/com.st.stm32cube.ide.mcu.externaltools.gnu-tools-for-stm32.10.3-2021.10.win32_1.0.0.202111181127/tools/bin/../lib/gcc/arm-none-eabi/10.3.1/thumb/v6-m/nofp\libgcc.a(lesf2.o)
 .ARM.attributes
                0x0000000000000435       0x1e d:/program files/st/stm32cubeide_1.9.0/stm32cubeide/plugins/com.st.stm32cube.ide.mcu.externaltools.gnu-tools-for-stm32.10.3-2021.10.win32_1.0.0.202111181127/tools/bin/../lib/gcc/arm-none-eabi/10.3.1/thumb/v6-m/nofp/crtn.o
OUTPUT(zalupa.elf elf32-littlearm)
LOAD linker stubs
LOAD d:/program files/st/stm32cubeide_1.9.0/stm32cubeide/plugins/com.st.stm32cube.ide.mcu.externaltools.gnu-tools-for-stm32.10.3-2021.10.win32_1.0.0.202111181127/tools/bin/../lib/gcc/arm-none-eabi/10.3.1/../../../../arm-none-eabi/lib/thumb/v6-m/nofp\libc.a
LOAD d:/program files/st/stm32cubeide_1.9.0/stm32cubeide/plugins/com.st.stm32cube.ide.mcu.externaltools.gnu-tools-for-stm32.10.3-2021.10.win32_1.0.0.202111181127/tools/bin/../lib/gcc/arm-none-eabi/10.3.1/../../../../arm-none-eabi/lib/thumb/v6-m/nofp\libm.a
LOAD d:/program files/st/stm32cubeide_1.9.0/stm32cubeide/plugins/com.st.stm32cube.ide.mcu.externaltools.gnu-tools-for-stm32.10.3-2021.10.win32_1.0.0.202111181127/tools/bin/../lib/gcc/arm-none-eabi/10.3.1/thumb/v6-m/nofp\libgcc.a

.debug_info     0x0000000000000000     0xae66
 .debug_info    0x0000000000000000      0x368 ./Core/Src/gpio.o
 .debug_info    0x0000000000000368      0xf64 ./Core/Src/main.o
 .debug_info    0x00000000000012cc      0x9b7 ./Core/Src/spi.o
 .debug_info    0x0000000000001c83      0x1b8 ./Core/Src/stm32f0xx_hal_msp.o
 .debug_info    0x0000000000001e3b      0x99c ./Core/Src/stm32f0xx_it.o
 .debug_info    0x00000000000027d7      0x269 ./Core/Src/system_stm32f0xx.o
 .debug_info    0x0000000000002a40      0xa50 ./Core/Src/usart.o
 .debug_info    0x0000000000003490      0x69d ./Drivers/STM32F0xx_HAL_Driver/Src/stm32f0xx_hal.o
 .debug_info    0x0000000000003b2d      0x6db ./Drivers/STM32F0xx_HAL_Driver/Src/stm32f0xx_hal_cortex.o
 .debug_info    0x0000000000004208      0x752 ./Drivers/STM32F0xx_HAL_Driver/Src/stm32f0xx_hal_dma.o
 .debug_info    0x000000000000495a      0x60e ./Drivers/STM32F0xx_HAL_Driver/Src/stm32f0xx_hal_gpio.o
 .debug_info    0x0000000000004f68      0x888 ./Drivers/STM32F0xx_HAL_Driver/Src/stm32f0xx_hal_rcc.o
 .debug_info    0x00000000000057f0      0x37b ./Drivers/STM32F0xx_HAL_Driver/Src/stm32f0xx_hal_rcc_ex.o
 .debug_info    0x0000000000005b6b     0x1769 ./Drivers/STM32F0xx_HAL_Driver/Src/stm32f0xx_hal_spi.o
 .debug_info    0x00000000000072d4     0x3b92 ./Drivers/STM32F0xx_HAL_Driver/Src/stm32f0xx_hal_uart.o

.debug_abbrev   0x0000000000000000     0x1c70
 .debug_abbrev  0x0000000000000000      0x146 ./Core/Src/gpio.o
 .debug_abbrev  0x0000000000000146      0x28a ./Core/Src/main.o
 .debug_abbrev  0x00000000000003d0      0x1fe ./Core/Src/spi.o
 .debug_abbrev  0x00000000000005ce       0xc2 ./Core/Src/stm32f0xx_hal_msp.o
 .debug_abbrev  0x0000000000000690      0x170 ./Core/Src/stm32f0xx_it.o
 .debug_abbrev  0x0000000000000800      0x116 ./Core/Src/system_stm32f0xx.o
 .debug_abbrev  0x0000000000000916      0x1fe ./Core/Src/usart.o
 .debug_abbrev  0x0000000000000b14      0x23f ./Drivers/STM32F0xx_HAL_Driver/Src/stm32f0xx_hal.o
 .debug_abbrev  0x0000000000000d53      0x283 ./Drivers/STM32F0xx_HAL_Driver/Src/stm32f0xx_hal_cortex.o
 .debug_abbrev  0x0000000000000fd6      0x1e9 ./Drivers/STM32F0xx_HAL_Driver/Src/stm32f0xx_hal_dma.o
 .debug_abbrev  0x00000000000011bf      0x1bb ./Drivers/STM32F0xx_HAL_Driver/Src/stm32f0xx_hal_gpio.o
 .debug_abbrev  0x000000000000137a      0x283 ./Drivers/STM32F0xx_HAL_Driver/Src/stm32f0xx_hal_rcc.o
 .debug_abbrev  0x00000000000015fd      0x169 ./Drivers/STM32F0xx_HAL_Driver/Src/stm32f0xx_hal_rcc_ex.o
 .debug_abbrev  0x0000000000001766      0x254 ./Drivers/STM32F0xx_HAL_Driver/Src/stm32f0xx_hal_spi.o
 .debug_abbrev  0x00000000000019ba      0x2b6 ./Drivers/STM32F0xx_HAL_Driver/Src/stm32f0xx_hal_uart.o

.debug_aranges  0x0000000000000000      0x870
 .debug_aranges
                0x0000000000000000       0x20 ./Core/Src/gpio.o
 .debug_aranges
                0x0000000000000020       0x48 ./Core/Src/main.o
 .debug_aranges
                0x0000000000000068       0x30 ./Core/Src/spi.o
 .debug_aranges
                0x0000000000000098       0x20 ./Core/Src/stm32f0xx_hal_msp.o
 .debug_aranges
                0x00000000000000b8       0x50 ./Core/Src/stm32f0xx_it.o
 .debug_aranges
                0x0000000000000108       0x28 ./Core/Src/system_stm32f0xx.o
 .debug_aranges
                0x0000000000000130       0x30 ./Core/Src/usart.o
 .debug_aranges
                0x0000000000000160       0xd0 ./Drivers/STM32F0xx_HAL_Driver/Src/stm32f0xx_hal.o
 .debug_aranges
                0x0000000000000230       0xc0 ./Drivers/STM32F0xx_HAL_Driver/Src/stm32f0xx_hal_cortex.o
 .debug_aranges
                0x00000000000002f0       0x88 ./Drivers/STM32F0xx_HAL_Driver/Src/stm32f0xx_hal_dma.o
 .debug_aranges
                0x0000000000000378       0x58 ./Drivers/STM32F0xx_HAL_Driver/Src/stm32f0xx_hal_gpio.o
 .debug_aranges
                0x00000000000003d0       0x80 ./Drivers/STM32F0xx_HAL_Driver/Src/stm32f0xx_hal_rcc.o
 .debug_aranges
                0x0000000000000450       0x30 ./Drivers/STM32F0xx_HAL_Driver/Src/stm32f0xx_hal_rcc_ex.o
 .debug_aranges
                0x0000000000000480      0x1d8 ./Drivers/STM32F0xx_HAL_Driver/Src/stm32f0xx_hal_spi.o
 .debug_aranges
                0x0000000000000658      0x218 ./Drivers/STM32F0xx_HAL_Driver/Src/stm32f0xx_hal_uart.o

.debug_ranges   0x0000000000000000      0x7b0
 .debug_ranges  0x0000000000000000       0x10 ./Core/Src/gpio.o
 .debug_ranges  0x0000000000000010       0x38 ./Core/Src/main.o
 .debug_ranges  0x0000000000000048       0x20 ./Core/Src/spi.o
 .debug_ranges  0x0000000000000068       0x10 ./Core/Src/stm32f0xx_hal_msp.o
 .debug_ranges  0x0000000000000078       0x40 ./Core/Src/stm32f0xx_it.o
 .debug_ranges  0x00000000000000b8       0x18 ./Core/Src/system_stm32f0xx.o
 .debug_ranges  0x00000000000000d0       0x20 ./Core/Src/usart.o
 .debug_ranges  0x00000000000000f0       0xc0 ./Drivers/STM32F0xx_HAL_Driver/Src/stm32f0xx_hal.o
 .debug_ranges  0x00000000000001b0       0xb0 ./Drivers/STM32F0xx_HAL_Driver/Src/stm32f0xx_hal_cortex.o
 .debug_ranges  0x0000000000000260       0x78 ./Drivers/STM32F0xx_HAL_Driver/Src/stm32f0xx_hal_dma.o
 .debug_ranges  0x00000000000002d8       0x48 ./Drivers/STM32F0xx_HAL_Driver/Src/stm32f0xx_hal_gpio.o
 .debug_ranges  0x0000000000000320       0x70 ./Drivers/STM32F0xx_HAL_Driver/Src/stm32f0xx_hal_rcc.o
 .debug_ranges  0x0000000000000390       0x20 ./Drivers/STM32F0xx_HAL_Driver/Src/stm32f0xx_hal_rcc_ex.o
 .debug_ranges  0x00000000000003b0      0x1c8 ./Drivers/STM32F0xx_HAL_Driver/Src/stm32f0xx_hal_spi.o
 .debug_ranges  0x0000000000000578      0x238 ./Drivers/STM32F0xx_HAL_Driver/Src/stm32f0xx_hal_uart.o

.debug_macro    0x0000000000000000     0xf52e
 .debug_macro   0x0000000000000000      0x1db ./Core/Src/gpio.o
 .debug_macro   0x00000000000001db      0xa4e ./Core/Src/gpio.o
 .debug_macro   0x0000000000000c29      0x133 ./Core/Src/gpio.o
 .debug_macro   0x0000000000000d5c       0x2e ./Core/Src/gpio.o
 .debug_macro   0x0000000000000d8a       0x22 ./Core/Src/gpio.o
 .debug_macro   0x0000000000000dac       0x22 ./Core/Src/gpio.o
 .debug_macro   0x0000000000000dce       0x8e ./Core/Src/gpio.o
 .debug_macro   0x0000000000000e5c       0x51 ./Core/Src/gpio.o
 .debug_macro   0x0000000000000ead      0x103 ./Core/Src/gpio.o
 .debug_macro   0x0000000000000fb0       0x6a ./Core/Src/gpio.o
 .debug_macro   0x000000000000101a      0x1df ./Core/Src/gpio.o
 .debug_macro   0x00000000000011f9       0x1c ./Core/Src/gpio.o
 .debug_macro   0x0000000000001215       0x22 ./Core/Src/gpio.o
 .debug_macro   0x0000000000001237       0xaf ./Core/Src/gpio.o
 .debug_macro   0x00000000000012e6      0x391 ./Core/Src/gpio.o
 .debug_macro   0x0000000000001677     0x6e67 ./Core/Src/gpio.o
 .debug_macro   0x00000000000084de       0x66 ./Core/Src/gpio.o
 .debug_macro   0x0000000000008544     0x34a6 ./Core/Src/gpio.o
 .debug_macro   0x000000000000b9ea      0x174 ./Core/Src/gpio.o
 .debug_macro   0x000000000000bb5e       0x55 ./Core/Src/gpio.o
 .debug_macro   0x000000000000bbb3      0x924 ./Core/Src/gpio.o
 .debug_macro   0x000000000000c4d7       0xe5 ./Core/Src/gpio.o
 .debug_macro   0x000000000000c5bc      0x1af ./Core/Src/gpio.o
 .debug_macro   0x000000000000c76b       0xb3 ./Core/Src/gpio.o
 .debug_macro   0x000000000000c81e      0x1a0 ./Core/Src/gpio.o
 .debug_macro   0x000000000000c9be      0x1ed ./Core/Src/gpio.o
 .debug_macro   0x000000000000cbab       0x34 ./Core/Src/gpio.o
 .debug_macro   0x000000000000cbdf       0x43 ./Core/Src/gpio.o
 .debug_macro   0x000000000000cc22       0x28 ./Core/Src/gpio.o
 .debug_macro   0x000000000000cc4a       0xb0 ./Core/Src/gpio.o
 .debug_macro   0x000000000000ccfa      0x15a ./Core/Src/gpio.o
 .debug_macro   0x000000000000ce54      0x22c ./Core/Src/gpio.o
 .debug_macro   0x000000000000d080       0x61 ./Core/Src/gpio.o
 .debug_macro   0x000000000000d0e1       0xa5 ./Core/Src/gpio.o
 .debug_macro   0x000000000000d186       0x4c ./Core/Src/gpio.o
 .debug_macro   0x000000000000d1d2       0x2b ./Core/Src/gpio.o
 .debug_macro   0x000000000000d1fd      0x2fe ./Core/Src/gpio.o
 .debug_macro   0x000000000000d4fb      0x55f ./Core/Src/gpio.o
 .debug_macro   0x000000000000da5a       0x3e ./Core/Src/gpio.o
 .debug_macro   0x000000000000da98       0xf1 ./Core/Src/gpio.o
 .debug_macro   0x000000000000db89       0x1c ./Core/Src/gpio.o
 .debug_macro   0x000000000000dba5      0x1f3 ./Core/Src/main.o
 .debug_macro   0x000000000000dd98      0x1db ./Core/Src/spi.o
 .debug_macro   0x000000000000df73      0x1d1 ./Core/Src/stm32f0xx_hal_msp.o
 .debug_macro   0x000000000000e144      0x1db ./Core/Src/stm32f0xx_it.o
 .debug_macro   0x000000000000e31f      0x1c2 ./Core/Src/system_stm32f0xx.o
 .debug_macro   0x000000000000e4e1      0x1db ./Core/Src/usart.o
 .debug_macro   0x000000000000e6bc      0x1e6 ./Drivers/STM32F0xx_HAL_Driver/Src/stm32f0xx_hal.o
 .debug_macro   0x000000000000e8a2      0x1c2 ./Drivers/STM32F0xx_HAL_Driver/Src/stm32f0xx_hal_cortex.o
 .debug_macro   0x000000000000ea64      0x1c2 ./Drivers/STM32F0xx_HAL_Driver/Src/stm32f0xx_hal_dma.o
 .debug_macro   0x000000000000ec26      0x1c9 ./Drivers/STM32F0xx_HAL_Driver/Src/stm32f0xx_hal_gpio.o
 .debug_macro   0x000000000000edef      0x1d4 ./Drivers/STM32F0xx_HAL_Driver/Src/stm32f0xx_hal_rcc.o
 .debug_macro   0x000000000000efc3      0x1c2 ./Drivers/STM32F0xx_HAL_Driver/Src/stm32f0xx_hal_rcc_ex.o
 .debug_macro   0x000000000000f185      0x1ca ./Drivers/STM32F0xx_HAL_Driver/Src/stm32f0xx_hal_spi.o
 .debug_macro   0x000000000000f34f      0x1df ./Drivers/STM32F0xx_HAL_Driver/Src/stm32f0xx_hal_uart.o

.debug_line     0x0000000000000000     0xc1ed
 .debug_line    0x0000000000000000      0x728 ./Core/Src/gpio.o
 .debug_line    0x0000000000000728      0x956 ./Core/Src/main.o
 .debug_line    0x000000000000107e      0x787 ./Core/Src/spi.o
 .debug_line    0x0000000000001805      0x70b ./Core/Src/stm32f0xx_hal_msp.o
 .debug_line    0x0000000000001f10      0x7a0 ./Core/Src/stm32f0xx_it.o
 .debug_line    0x00000000000026b0      0x77b ./Core/Src/system_stm32f0xx.o
 .debug_line    0x0000000000002e2b      0x77e ./Core/Src/usart.o
 .debug_line    0x00000000000035a9      0x986 ./Drivers/STM32F0xx_HAL_Driver/Src/stm32f0xx_hal.o
 .debug_line    0x0000000000003f2f      0xa32 ./Drivers/STM32F0xx_HAL_Driver/Src/stm32f0xx_hal_cortex.o
 .debug_line    0x0000000000004961      0xca2 ./Drivers/STM32F0xx_HAL_Driver/Src/stm32f0xx_hal_dma.o
 .debug_line    0x0000000000005603      0xb03 ./Drivers/STM32F0xx_HAL_Driver/Src/stm32f0xx_hal_gpio.o
 .debug_line    0x0000000000006106      0xd72 ./Drivers/STM32F0xx_HAL_Driver/Src/stm32f0xx_hal_rcc.o
 .debug_line    0x0000000000006e78      0x8e5 ./Drivers/STM32F0xx_HAL_Driver/Src/stm32f0xx_hal_rcc_ex.o
 .debug_line    0x000000000000775d     0x1edd ./Drivers/STM32F0xx_HAL_Driver/Src/stm32f0xx_hal_spi.o
 .debug_line    0x000000000000963a     0x2bb3 ./Drivers/STM32F0xx_HAL_Driver/Src/stm32f0xx_hal_uart.o

.debug_str      0x0000000000000000    0x59dfc
 .debug_str     0x0000000000000000    0x579bb ./Core/Src/gpio.o
                                      0x57c2e (size before relaxing)
 .debug_str     0x00000000000579bb      0x8eb ./Core/Src/main.o
                                      0x584e6 (size before relaxing)
 .debug_str     0x00000000000582a6      0x19d ./Core/Src/spi.o
                                      0x581ec (size before relaxing)
 .debug_str     0x0000000000058443       0x2c ./Core/Src/stm32f0xx_hal_msp.o
                                      0x57b63 (size before relaxing)
 .debug_str     0x000000000005846f       0xcb ./Core/Src/stm32f0xx_it.o
                                      0x5815a (size before relaxing)
 .debug_str     0x000000000005853a       0x8b ./Core/Src/system_stm32f0xx.o
                                      0x57b72 (size before relaxing)
 .debug_str     0x00000000000585c5       0x51 ./Core/Src/usart.o
                                      0x58220 (size before relaxing)
 .debug_str     0x0000000000058616      0x36e ./Drivers/STM32F0xx_HAL_Driver/Src/stm32f0xx_hal.o
                                      0x580ce (size before relaxing)
 .debug_str     0x0000000000058984      0x197 ./Drivers/STM32F0xx_HAL_Driver/Src/stm32f0xx_hal_cortex.o
                                      0x57ebf (size before relaxing)
 .debug_str     0x0000000000058b1b      0x24d ./Drivers/STM32F0xx_HAL_Driver/Src/stm32f0xx_hal_dma.o
                                      0x57f18 (size before relaxing)
 .debug_str     0x0000000000058d68      0x113 ./Drivers/STM32F0xx_HAL_Driver/Src/stm32f0xx_hal_gpio.o
                                      0x57d13 (size before relaxing)
 .debug_str     0x0000000000058e7b      0x21a ./Drivers/STM32F0xx_HAL_Driver/Src/stm32f0xx_hal_rcc.o
                                      0x57fae (size before relaxing)
 .debug_str     0x0000000000059095       0x97 ./Drivers/STM32F0xx_HAL_Driver/Src/stm32f0xx_hal_rcc_ex.o
                                      0x57cbb (size before relaxing)
 .debug_str     0x000000000005912c      0x52d ./Drivers/STM32F0xx_HAL_Driver/Src/stm32f0xx_hal_spi.o
                                      0x584dc (size before relaxing)
 .debug_str     0x0000000000059659      0x7a3 ./Drivers/STM32F0xx_HAL_Driver/Src/stm32f0xx_hal_uart.o
                                      0x58863 (size before relaxing)

.comment        0x0000000000000000       0x50
 .comment       0x0000000000000000       0x50 ./Core/Src/gpio.o
                                         0x51 (size before relaxing)
 .comment       0x0000000000000050       0x51 ./Core/Src/main.o
 .comment       0x0000000000000050       0x51 ./Core/Src/spi.o
 .comment       0x0000000000000050       0x51 ./Core/Src/stm32f0xx_hal_msp.o
 .comment       0x0000000000000050       0x51 ./Core/Src/stm32f0xx_it.o
 .comment       0x0000000000000050       0x51 ./Core/Src/system_stm32f0xx.o
 .comment       0x0000000000000050       0x51 ./Core/Src/usart.o
 .comment       0x0000000000000050       0x51 ./Drivers/STM32F0xx_HAL_Driver/Src/stm32f0xx_hal.o
 .comment       0x0000000000000050       0x51 ./Drivers/STM32F0xx_HAL_Driver/Src/stm32f0xx_hal_cortex.o
 .comment       0x0000000000000050       0x51 ./Drivers/STM32F0xx_HAL_Driver/Src/stm32f0xx_hal_dma.o
 .comment       0x0000000000000050       0x51 ./Drivers/STM32F0xx_HAL_Driver/Src/stm32f0xx_hal_gpio.o
 .comment       0x0000000000000050       0x51 ./Drivers/STM32F0xx_HAL_Driver/Src/stm32f0xx_hal_rcc.o
 .comment       0x0000000000000050       0x51 ./Drivers/STM32F0xx_HAL_Driver/Src/stm32f0xx_hal_rcc_ex.o
 .comment       0x0000000000000050       0x51 ./Drivers/STM32F0xx_HAL_Driver/Src/stm32f0xx_hal_spi.o
 .comment       0x0000000000000050       0x51 ./Drivers/STM32F0xx_HAL_Driver/Src/stm32f0xx_hal_uart.o

.debug_frame    0x0000000000000000     0x1d60
 .debug_frame   0x0000000000000000       0x30 ./Core/Src/gpio.o
 .debug_frame   0x0000000000000030       0xcc ./Core/Src/main.o
 .debug_frame   0x00000000000000fc       0x6c ./Core/Src/spi.o
 .debug_frame   0x0000000000000168       0x30 ./Core/Src/stm32f0xx_hal_msp.o
 .debug_frame   0x0000000000000198       0xd4 ./Core/Src/stm32f0xx_it.o
 .debug_frame   0x000000000000026c       0x4c ./Core/Src/system_stm32f0xx.o
 .debug_frame   0x00000000000002b8       0x6c ./Core/Src/usart.o
 .debug_frame   0x0000000000000324      0x2a4 ./Drivers/STM32F0xx_HAL_Driver/Src/stm32f0xx_hal.o
 .debug_frame   0x00000000000005c8      0x2a0 ./Drivers/STM32F0xx_HAL_Driver/Src/stm32f0xx_hal_cortex.o
 .debug_frame   0x0000000000000868      0x1d0 ./Drivers/STM32F0xx_HAL_Driver/Src/stm32f0xx_hal_dma.o
 .debug_frame   0x0000000000000a38      0x110 ./Drivers/STM32F0xx_HAL_Driver/Src/stm32f0xx_hal_gpio.o
 .debug_frame   0x0000000000000b48      0x198 ./Drivers/STM32F0xx_HAL_Driver/Src/stm32f0xx_hal_rcc.o
 .debug_frame   0x0000000000000ce0       0x70 ./Drivers/STM32F0xx_HAL_Driver/Src/stm32f0xx_hal_rcc_ex.o
 .debug_frame   0x0000000000000d50      0x710 ./Drivers/STM32F0xx_HAL_Driver/Src/stm32f0xx_hal_spi.o
 .debug_frame   0x0000000000001460      0x810 ./Drivers/STM32F0xx_HAL_Driver/Src/stm32f0xx_hal_uart.o
 .debug_frame   0x0000000000001c70       0x2c d:/program files/st/stm32cubeide_1.9.0/stm32cubeide/plugins/com.st.stm32cube.ide.mcu.externaltools.gnu-tools-for-stm32.10.3-2021.10.win32_1.0.0.202111181127/tools/bin/../lib/gcc/arm-none-eabi/10.3.1/../../../../arm-none-eabi/lib/thumb/v6-m/nofp\libc_nano.a(lib_a-init.o)
 .debug_frame   0x0000000000001c9c       0x20 d:/program files/st/stm32cubeide_1.9.0/stm32cubeide/plugins/com.st.stm32cube.ide.mcu.externaltools.gnu-tools-for-stm32.10.3-2021.10.win32_1.0.0.202111181127/tools/bin/../lib/gcc/arm-none-eabi/10.3.1/../../../../arm-none-eabi/lib/thumb/v6-m/nofp\libc_nano.a(lib_a-memset.o)
 .debug_frame   0x0000000000001cbc       0x20 d:/program files/st/stm32cubeide_1.9.0/stm32cubeide/plugins/com.st.stm32cube.ide.mcu.externaltools.gnu-tools-for-stm32.10.3-2021.10.win32_1.0.0.202111181127/tools/bin/../lib/gcc/arm-none-eabi/10.3.1/thumb/v6-m/nofp\libgcc.a(_udivsi3.o)
 .debug_frame   0x0000000000001cdc       0x2c d:/program files/st/stm32cubeide_1.9.0/stm32cubeide/plugins/com.st.stm32cube.ide.mcu.externaltools.gnu-tools-for-stm32.10.3-2021.10.win32_1.0.0.202111181127/tools/bin/../lib/gcc/arm-none-eabi/10.3.1/thumb/v6-m/nofp\libgcc.a(eqsf2.o)
 .debug_frame   0x0000000000001d08       0x2c d:/program files/st/stm32cubeide_1.9.0/stm32cubeide/plugins/com.st.stm32cube.ide.mcu.externaltools.gnu-tools-for-stm32.10.3-2021.10.win32_1.0.0.202111181127/tools/bin/../lib/gcc/arm-none-eabi/10.3.1/thumb/v6-m/nofp\libgcc.a(gesf2.o)
 .debug_frame   0x0000000000001d34       0x2c d:/program files/st/stm32cubeide_1.9.0/stm32cubeide/plugins/com.st.stm32cube.ide.mcu.externaltools.gnu-tools-for-stm32.10.3-2021.10.win32_1.0.0.202111181127/tools/bin/../lib/gcc/arm-none-eabi/10.3.1/thumb/v6-m/nofp\libgcc.a(lesf2.o)
